0 verbose cli C:\Program Files\nodejs\node.exe C:\Users\JB VILLE\AppData\Roaming\npm\node_modules\npm\bin\npm-cli.js
1 info using npm@11.3.0
2 info using node@v22.15.0
3 silly config load:file:C:\Users\JB VILLE\AppData\Roaming\npm\node_modules\npm\npmrc
4 silly config load:file:C:\xampp\htdocs\JB CODING\Laravel\online-motorshop\frontend\.npmrc
5 silly config load:file:C:\Users\JB VILLE\.npmrc
6 silly config load:file:C:\Users\JB VILLE\AppData\Roaming\npm\etc\npmrc
7 verbose title npm exec prettier --write src/app/admin/page.tsx
8 verbose argv "exec" "--cache" ".tmp-admin-format-cache" "--yes" "--package" "prettier@3.5.3" "--" "prettier" "--write" "src/app/admin/page.tsx"
9 verbose logfile logs-max:10 dir:C:\xampp\htdocs\JB CODING\Laravel\online-motorshop\frontend\.tmp-admin-format-cache\_logs\2026-08-17T07_20_29_874Z-
10 verbose logfile C:\xampp\htdocs\JB CODING\Laravel\online-motorshop\frontend\.tmp-admin-format-cache\_logs\2026-08-17T07_20_29_874Z-debug-0.log
11 silly logfile done cleaning log files
12 silly packumentCache heap:2197815296 maxSize:549453824 maxEntrySize:274726912
13 http fetch GET 200 https://registry.npmjs.org/prettier 284ms (cache revalidated)
14 silly packumentCache heap:2197815296 maxSize:549453824 maxEntrySize:274726912
15 verbose cwd C:\xampp\htdocs\JB CODING\Laravel\online-motorshop\frontend
16 verbose os Windows_NT 10.0.26200
17 verbose node v22.15.0
18 verbose npm  v11.3.0
19 verbose exit 0
20 info ok
