0 verbose cli C:\Program Files\nodejs\node.exe C:\Users\JB VILLE\AppData\Roaming\npm\node_modules\npm\bin\npm-cli.js
1 info using npm@11.3.0
2 info using node@v22.15.0
3 silly config load:file:C:\Users\JB VILLE\AppData\Roaming\npm\node_modules\npm\npmrc
4 warn "src/app/admin/page.tsx" is being parsed as a normal command line argument.
5 warn Unknown cli config "--write". This will stop working in the next major version of npm.
6 silly config load:file:C:\xampp\htdocs\JB CODING\Laravel\online-motorshop\frontend\.npmrc
7 silly config load:file:C:\Users\JB VILLE\.npmrc
8 silly config load:file:C:\Users\JB VILLE\AppData\Roaming\npm\etc\npmrc
9 verbose title npm exec prettier@3.5.3 src/app/admin/page.tsx
10 verbose argv "exec" "--cache" ".tmp-admin-format-cache" "--yes" "prettier@3.5.3" "--write" "src/app/admin/page.tsx"
11 verbose logfile logs-max:10 dir:C:\xampp\htdocs\JB CODING\Laravel\online-motorshop\frontend\.tmp-admin-format-cache\_logs\2026-08-17T07_19_51_128Z-
12 verbose logfile C:\xampp\htdocs\JB CODING\Laravel\online-motorshop\frontend\.tmp-admin-format-cache\_logs\2026-08-17T07_19_51_128Z-debug-0.log
13 silly logfile done cleaning log files
14 silly packumentCache heap:2197815296 maxSize:549453824 maxEntrySize:274726912
15 http fetch GET 200 https://registry.npmjs.org/prettier 707ms (cache miss)
16 silly packumentCache heap:2197815296 maxSize:549453824 maxEntrySize:274726912
17 http fetch GET 200 https://registry.npmjs.org/npm 1295ms
18 silly packumentCache heap:2197815296 maxSize:549453824 maxEntrySize:274726912
19 silly idealTree buildDeps
20 silly fetch manifest prettier@3.5.3
21 silly packumentCache full:https://registry.npmjs.org/prettier cache-miss
22 http fetch GET 200 https://registry.npmjs.org/prettier 753ms (cache miss)
23 silly packumentCache full:https://registry.npmjs.org/prettier set size:undefined disposed:false
24 silly placeDep ROOT prettier@3.5.3 OK for:  want: 3.5.3
25 silly reify moves {}
26 silly audit bulk request { prettier: [ '3.5.3' ] }
27 http cache prettier@https://registry.npmjs.org/prettier/-/prettier-3.5.3.tgz 1ms (cache hit)
28 silly tarball no local data for prettier@https://registry.npmjs.org/prettier/-/prettier-3.5.3.tgz. Extracting by manifest.
29 http fetch POST 200 https://registry.npmjs.org/-/npm/v1/security/advisories/bulk 330ms
30 silly audit report {}
31 http fetch GET 200 https://registry.npmjs.org/prettier/-/prettier-3.5.3.tgz 3869ms (cache miss)
32 verbose cwd C:\xampp\htdocs\JB CODING\Laravel\online-motorshop\frontend
33 verbose os Windows_NT 10.0.26200
34 verbose node v22.15.0
35 verbose npm  v11.3.0
36 notice
36 notice New minor version of npm available! 11.3.0 -> 11.19.0
36 notice Changelog: https://github.com/npm/cli/releases/tag/v11.19.0
36 notice To update run: npm install -g npm@11.19.0
36 notice  { force: true, [Symbol(proc-log.meta)]: true }
37 verbose exit 0
38 info ok
